// Jest Snapshot v1, https://goo.gl/fbAQLP

exports[`GeoTree should render correctly 1`] = `
<div class="geo-tree">
  <!---->
  <geo-scrollable-container>
    <!---->
    <ul class="geo-tree__list"></ul>
  </geo-scrollable-container>
</div>
`;
